---
http_interactions:
- request:
    method: get
    uri: http://backend:5352/source/source_project/package_a
    body:
      encoding: US-ASCII
      string: ''
    headers:
      X-Request-Id:
      - 4d8e6e1d-7a4a-4b39-9850-74d0921c8b02
      Accept-Encoding:
      - gzip;q=1.0,deflate;q=0.6,identity;q=0.3
      Accept:
      - "*/*"
      User-Agent:
      - Ruby
  response:
    status:
      code: 200
      message: OK
    headers:
      Content-Type:
      - text/xml
      Cache-Control:
      - no-cache
      Connection:
      - close
      Content-Length:
      - '404'
    body:
      encoding: UTF-8
      string: |
        <directory name="package_a" rev="9" vrev="9" srcmd5="bb65ce1d051b456e2c89ff1a760fd33f">
          <entry name="README.txt" md5="f1bc473eda00c66e63edc7ac1e1ef9f5" size="72" mtime="1731406790"/>
          <entry name="package_a.changes" md5="3bf7f645ebf1daed37ac2524846a9e7c" size="14" mtime="1722344522"/>
          <entry name="package_a.spec" md5="674078c9d96283bf095d60ffe47009a0" size="470" mtime="1722344522"/>
        </directory>
  recorded_at: Tue, 12 Nov 2024 11:20:24 GMT
- request:
    method: post
    uri: http://backend:5352/source/source_project/package_a?cacheonly=1&cmd=diff&expand=1&filelimit=10000&opackage=target_package&oproject=target_project&tarlimit=10000&view=xml&withissues=1
    body:
      encoding: UTF-8
      string: ''
    headers:
      Content-Type:
      - application/octet-stream
      X-Request-Id:
      - 4d8e6e1d-7a4a-4b39-9850-74d0921c8b02
      Accept-Encoding:
      - gzip;q=1.0,deflate;q=0.6,identity;q=0.3
      Accept:
      - "*/*"
      User-Agent:
      - Ruby
  response:
    status:
      code: 412
      message: diff not yet in cache
    headers:
      Content-Type:
      - text/xml
      Cache-Control:
      - no-cache
      Connection:
      - close
      Content-Length:
      - '120'
    body:
      encoding: UTF-8
      string: |
        <status code="412">
          <summary>diff not yet in cache</summary>
          <details>412 diff not yet in cache</details>
        </status>
  recorded_at: Tue, 12 Nov 2024 11:20:24 GMT
- request:
    method: get
    uri: http://backend:5352/source/source_project/package_a
    body:
      encoding: US-ASCII
      string: ''
    headers:
      X-Request-Id:
      - 4d8e6e1d-7a4a-4b39-9850-74d0921c8b02
      Accept-Encoding:
      - gzip;q=1.0,deflate;q=0.6,identity;q=0.3
      Accept:
      - "*/*"
      User-Agent:
      - Ruby
  response:
    status:
      code: 200
      message: OK
    headers:
      Content-Type:
      - text/xml
      Cache-Control:
      - no-cache
      Connection:
      - close
      Content-Length:
      - '404'
    body:
      encoding: UTF-8
      string: |
        <directory name="package_a" rev="9" vrev="9" srcmd5="bb65ce1d051b456e2c89ff1a760fd33f">
          <entry name="README.txt" md5="f1bc473eda00c66e63edc7ac1e1ef9f5" size="72" mtime="1731406790"/>
          <entry name="package_a.changes" md5="3bf7f645ebf1daed37ac2524846a9e7c" size="14" mtime="1722344522"/>
          <entry name="package_a.spec" md5="674078c9d96283bf095d60ffe47009a0" size="470" mtime="1722344522"/>
        </directory>
  recorded_at: Tue, 12 Nov 2024 11:20:24 GMT
- request:
    method: post
    uri: http://backend:5352/source/source_project/package_a?cacheonly=1&cmd=diff&expand=1&filelimit=10000&opackage=target_package&oproject=target_project&tarlimit=10000&view=xml&withissues=1
    body:
      encoding: UTF-8
      string: ''
    headers:
      Content-Type:
      - application/octet-stream
      X-Request-Id:
      - 4d8e6e1d-7a4a-4b39-9850-74d0921c8b02
      Accept-Encoding:
      - gzip;q=1.0,deflate;q=0.6,identity;q=0.3
      Accept:
      - "*/*"
      User-Agent:
      - Ruby
  response:
    status:
      code: 412
      message: diff not yet in cache
    headers:
      Content-Type:
      - text/xml
      Cache-Control:
      - no-cache
      Connection:
      - close
      Content-Length:
      - '120'
    body:
      encoding: UTF-8
      string: |
        <status code="412">
          <summary>diff not yet in cache</summary>
          <details>412 diff not yet in cache</details>
        </status>
  recorded_at: Tue, 12 Nov 2024 11:20:24 GMT
- request:
    method: get
    uri: http://backend:5352/source/source_project/package_a
    body:
      encoding: US-ASCII
      string: ''
    headers:
      X-Request-Id:
      - 779e798a-ae86-43eb-afaf-31bf4e6d2871
      Accept-Encoding:
      - gzip;q=1.0,deflate;q=0.6,identity;q=0.3
      Accept:
      - "*/*"
      User-Agent:
      - Ruby
  response:
    status:
      code: 200
      message: OK
    headers:
      Content-Type:
      - text/xml
      Cache-Control:
      - no-cache
      Connection:
      - close
      Content-Length:
      - '404'
    body:
      encoding: UTF-8
      string: |
        <directory name="package_a" rev="9" vrev="9" srcmd5="bb65ce1d051b456e2c89ff1a760fd33f">
          <entry name="README.txt" md5="f1bc473eda00c66e63edc7ac1e1ef9f5" size="72" mtime="1731406790"/>
          <entry name="package_a.changes" md5="3bf7f645ebf1daed37ac2524846a9e7c" size="14" mtime="1722344522"/>
          <entry name="package_a.spec" md5="674078c9d96283bf095d60ffe47009a0" size="470" mtime="1722344522"/>
        </directory>
  recorded_at: Tue, 12 Nov 2024 11:20:24 GMT
- request:
    method: post
    uri: http://backend:5352/source/source_project/package_a?cacheonly=1&cmd=diff&expand=1&filelimit=10000&opackage=target_package&oproject=target_project&tarlimit=10000&view=xml&withissues=1
    body:
      encoding: UTF-8
      string: ''
    headers:
      Content-Type:
      - application/octet-stream
      X-Request-Id:
      - 779e798a-ae86-43eb-afaf-31bf4e6d2871
      Accept-Encoding:
      - gzip;q=1.0,deflate;q=0.6,identity;q=0.3
      Accept:
      - "*/*"
      User-Agent:
      - Ruby
  response:
    status:
      code: 412
      message: diff not yet in cache
    headers:
      Content-Type:
      - text/xml
      Cache-Control:
      - no-cache
      Connection:
      - close
      Content-Length:
      - '120'
    body:
      encoding: UTF-8
      string: |
        <status code="412">
          <summary>diff not yet in cache</summary>
          <details>412 diff not yet in cache</details>
        </status>
  recorded_at: Tue, 12 Nov 2024 11:20:24 GMT
- request:
    method: get
    uri: http://backend:5352/source/source_project/package_a
    body:
      encoding: US-ASCII
      string: ''
    headers:
      X-Request-Id:
      - 779e798a-ae86-43eb-afaf-31bf4e6d2871
      Accept-Encoding:
      - gzip;q=1.0,deflate;q=0.6,identity;q=0.3
      Accept:
      - "*/*"
      User-Agent:
      - Ruby
  response:
    status:
      code: 200
      message: OK
    headers:
      Content-Type:
      - text/xml
      Cache-Control:
      - no-cache
      Connection:
      - close
      Content-Length:
      - '404'
    body:
      encoding: UTF-8
      string: |
        <directory name="package_a" rev="9" vrev="9" srcmd5="bb65ce1d051b456e2c89ff1a760fd33f">
          <entry name="README.txt" md5="f1bc473eda00c66e63edc7ac1e1ef9f5" size="72" mtime="1731406790"/>
          <entry name="package_a.changes" md5="3bf7f645ebf1daed37ac2524846a9e7c" size="14" mtime="1722344522"/>
          <entry name="package_a.spec" md5="674078c9d96283bf095d60ffe47009a0" size="470" mtime="1722344522"/>
        </directory>
  recorded_at: Tue, 12 Nov 2024 11:20:24 GMT
- request:
    method: post
    uri: http://backend:5352/source/source_project/package_a?cacheonly=1&cmd=diff&expand=1&filelimit=10000&opackage=target_package&oproject=target_project&tarlimit=10000&view=xml&withissues=1
    body:
      encoding: UTF-8
      string: ''
    headers:
      Content-Type:
      - application/octet-stream
      X-Request-Id:
      - 779e798a-ae86-43eb-afaf-31bf4e6d2871
      Accept-Encoding:
      - gzip;q=1.0,deflate;q=0.6,identity;q=0.3
      Accept:
      - "*/*"
      User-Agent:
      - Ruby
  response:
    status:
      code: 412
      message: diff not yet in cache
    headers:
      Content-Type:
      - text/xml
      Cache-Control:
      - no-cache
      Connection:
      - close
      Content-Length:
      - '120'
    body:
      encoding: UTF-8
      string: |
        <status code="412">
          <summary>diff not yet in cache</summary>
          <details>412 diff not yet in cache</details>
        </status>
  recorded_at: Tue, 12 Nov 2024 11:20:24 GMT
- request:
    method: get
    uri: http://backend:5352/source/source_project/package_a
    body:
      encoding: US-ASCII
      string: ''
    headers:
      X-Request-Id:
      - 779e798a-ae86-43eb-afaf-31bf4e6d2871
      Accept-Encoding:
      - gzip;q=1.0,deflate;q=0.6,identity;q=0.3
      Accept:
      - "*/*"
      User-Agent:
      - Ruby
  response:
    status:
      code: 200
      message: OK
    headers:
      Content-Type:
      - text/xml
      Cache-Control:
      - no-cache
      Connection:
      - close
      Content-Length:
      - '404'
    body:
      encoding: UTF-8
      string: |
        <directory name="package_a" rev="9" vrev="9" srcmd5="bb65ce1d051b456e2c89ff1a760fd33f">
          <entry name="README.txt" md5="f1bc473eda00c66e63edc7ac1e1ef9f5" size="72" mtime="1731406790"/>
          <entry name="package_a.changes" md5="3bf7f645ebf1daed37ac2524846a9e7c" size="14" mtime="1722344522"/>
          <entry name="package_a.spec" md5="674078c9d96283bf095d60ffe47009a0" size="470" mtime="1722344522"/>
        </directory>
  recorded_at: Tue, 12 Nov 2024 11:20:24 GMT
- request:
    method: post
    uri: http://backend:5352/source/source_project/package_a?cmd=diff&expand=1&filelimit=10000&opackage=target_package&oproject=target_project&tarlimit=10000&view=xml&withissues=1
    body:
      encoding: UTF-8
      string: ''
    headers:
      Content-Type:
      - application/octet-stream
      X-Request-Id:
      - 779e798a-ae86-43eb-afaf-31bf4e6d2871
      Accept-Encoding:
      - gzip;q=1.0,deflate;q=0.6,identity;q=0.3
      Accept:
      - "*/*"
      User-Agent:
      - Ruby
  response:
    status:
      code: 200
      message: OK
    headers:
      Content-Type:
      - text/xml
      Cache-Control:
      - no-cache
      Connection:
      - close
      Content-Length:
      - '1478'
    body:
      encoding: UTF-8
      string: |
        <sourcediff key="b033ff58f918f357252f4dd8c4d433e8">
          <old project="target_project" package="target_package" rev="0" srcmd5="d41d8cd98f00b204e9800998ecf8427e"/>
          <new project="source_project" package="package_a" rev="9" srcmd5="bb65ce1d051b456e2c89ff1a760fd33f"/>
          <files>
            <file state="added">
              <new name="README.txt" md5="f1bc473eda00c66e63edc7ac1e1ef9f5" size="72"/>
              <diff lines="3">@@ -0,0 +1,1 @@
        +Cum consequatur et. Delectus amet cupiditate. Atque nesciunt doloremque.
        \ No newline at end of file
        </diff>
            </file>
            <file state="added">
              <new name="package_a.changes" md5="3bf7f645ebf1daed37ac2524846a9e7c" size="14"/>
              <diff lines="3">@@ -0,0 +1,1 @@
        +- Fixes ------
        \ No newline at end of file
        </diff>
            </file>
            <file state="added">
              <new name="package_a.spec" md5="674078c9d96283bf095d60ffe47009a0" size="470"/>
              <diff lines="28">@@ -0,0 +1,27 @@
        +Name:       package_a
        +Version:    1
        +Release:    1
        +Summary:    Most simple RPM package
        +License:    CC0-1.0
        +
        +%description
        +This is my first RPM package, which does nothing.
        +
        +%prep
        +# we have no source, so nothing here
        +
        +%build
        +cat &gt; package_a.sh &lt;&lt;EOF
        +#!/usr/bin/bash
        +echo Hello world, from package_a.
        +EOF
        +
        +%install
        +mkdir -p %{buildroot}/usr/bin/
        +install -m 755 package_a.sh %{buildroot}/usr/bin/package_a.sh
        +
        +%files
        +/usr/bin/package_a.sh
        +
        +%changelog
        +# let skip this for now
        </diff>
            </file>
          </files>
          <issues>
          </issues>
        </sourcediff>
  recorded_at: Tue, 12 Nov 2024 11:20:24 GMT
- request:
    method: get
    uri: http://backend:5352/source/source_project/package_a
    body:
      encoding: US-ASCII
      string: ''
    headers:
      X-Request-Id:
      - 779e798a-ae86-43eb-afaf-31bf4e6d2871
      Accept-Encoding:
      - gzip;q=1.0,deflate;q=0.6,identity;q=0.3
      Accept:
      - "*/*"
      User-Agent:
      - Ruby
  response:
    status:
      code: 200
      message: OK
    headers:
      Content-Type:
      - text/xml
      Cache-Control:
      - no-cache
      Connection:
      - close
      Content-Length:
      - '404'
    body:
      encoding: UTF-8
      string: |
        <directory name="package_a" rev="9" vrev="9" srcmd5="bb65ce1d051b456e2c89ff1a760fd33f">
          <entry name="README.txt" md5="f1bc473eda00c66e63edc7ac1e1ef9f5" size="72" mtime="1731406790"/>
          <entry name="package_a.changes" md5="3bf7f645ebf1daed37ac2524846a9e7c" size="14" mtime="1722344522"/>
          <entry name="package_a.spec" md5="674078c9d96283bf095d60ffe47009a0" size="470" mtime="1722344522"/>
        </directory>
  recorded_at: Tue, 12 Nov 2024 11:20:24 GMT
- request:
    method: post
    uri: http://backend:5352/source/source_project/package_a?cmd=diff&expand=1&filelimit=10000&opackage=target_package&oproject=target_project&tarlimit=10000&view=xml&withissues=1
    body:
      encoding: UTF-8
      string: ''
    headers:
      Content-Type:
      - application/octet-stream
      X-Request-Id:
      - 779e798a-ae86-43eb-afaf-31bf4e6d2871
      Accept-Encoding:
      - gzip;q=1.0,deflate;q=0.6,identity;q=0.3
      Accept:
      - "*/*"
      User-Agent:
      - Ruby
  response:
    status:
      code: 200
      message: OK
    headers:
      Content-Type:
      - text/xml
      Content-Length:
      - '1478'
      Cache-Control:
      - no-cache
      Connection:
      - close
    body:
      encoding: UTF-8
      string: |
        <sourcediff key="b033ff58f918f357252f4dd8c4d433e8">
          <old project="target_project" package="target_package" rev="0" srcmd5="d41d8cd98f00b204e9800998ecf8427e"/>
          <new project="source_project" package="package_a" rev="9" srcmd5="bb65ce1d051b456e2c89ff1a760fd33f"/>
          <files>
            <file state="added">
              <new name="README.txt" md5="f1bc473eda00c66e63edc7ac1e1ef9f5" size="72"/>
              <diff lines="3">@@ -0,0 +1,1 @@
        +Cum consequatur et. Delectus amet cupiditate. Atque nesciunt doloremque.
        \ No newline at end of file
        </diff>
            </file>
            <file state="added">
              <new name="package_a.changes" md5="3bf7f645ebf1daed37ac2524846a9e7c" size="14"/>
              <diff lines="3">@@ -0,0 +1,1 @@
        +- Fixes ------
        \ No newline at end of file
        </diff>
            </file>
            <file state="added">
              <new name="package_a.spec" md5="674078c9d96283bf095d60ffe47009a0" size="470"/>
              <diff lines="28">@@ -0,0 +1,27 @@
        +Name:       package_a
        +Version:    1
        +Release:    1
        +Summary:    Most simple RPM package
        +License:    CC0-1.0
        +
        +%description
        +This is my first RPM package, which does nothing.
        +
        +%prep
        +# we have no source, so nothing here
        +
        +%build
        +cat &gt; package_a.sh &lt;&lt;EOF
        +#!/usr/bin/bash
        +echo Hello world, from package_a.
        +EOF
        +
        +%install
        +mkdir -p %{buildroot}/usr/bin/
        +install -m 755 package_a.sh %{buildroot}/usr/bin/package_a.sh
        +
        +%files
        +/usr/bin/package_a.sh
        +
        +%changelog
        +# let skip this for now
        </diff>
            </file>
          </files>
          <issues>
          </issues>
        </sourcediff>
  recorded_at: Tue, 12 Nov 2024 11:20:24 GMT
- request:
    method: get
    uri: http://backend:5352/source/source_project/package_a?expand=1&rev=bb65ce1d051b456e2c89ff1a760fd33f
    body:
      encoding: US-ASCII
      string: ''
    headers:
      X-Request-Id:
      - 779e798a-ae86-43eb-afaf-31bf4e6d2871
      Accept-Encoding:
      - gzip;q=1.0,deflate;q=0.6,identity;q=0.3
      Accept:
      - "*/*"
      User-Agent:
      - Ruby
  response:
    status:
      code: 200
      message: OK
    headers:
      Content-Type:
      - text/xml
      Cache-Control:
      - no-cache
      Connection:
      - close
      Content-Length:
      - '426'
    body:
      encoding: UTF-8
      string: |
        <directory name="package_a" rev="bb65ce1d051b456e2c89ff1a760fd33f" srcmd5="bb65ce1d051b456e2c89ff1a760fd33f">
          <entry name="README.txt" md5="f1bc473eda00c66e63edc7ac1e1ef9f5" size="72" mtime="1731406790"/>
          <entry name="package_a.changes" md5="3bf7f645ebf1daed37ac2524846a9e7c" size="14" mtime="1722344522"/>
          <entry name="package_a.spec" md5="674078c9d96283bf095d60ffe47009a0" size="470" mtime="1722344522"/>
        </directory>
  recorded_at: Tue, 12 Nov 2024 11:20:24 GMT
- request:
    method: get
    uri: http://backend:5352/source/source_project/package_a?expand=1&rev=bb65ce1d051b456e2c89ff1a760fd33f
    body:
      encoding: US-ASCII
      string: ''
    headers:
      X-Request-Id:
      - 779e798a-ae86-43eb-afaf-31bf4e6d2871
      Accept-Encoding:
      - gzip;q=1.0,deflate;q=0.6,identity;q=0.3
      Accept:
      - "*/*"
      User-Agent:
      - Ruby
  response:
    status:
      code: 200
      message: OK
    headers:
      Content-Type:
      - text/xml
      Cache-Control:
      - no-cache
      Connection:
      - close
      Content-Length:
      - '426'
    body:
      encoding: UTF-8
      string: |
        <directory name="package_a" rev="bb65ce1d051b456e2c89ff1a760fd33f" srcmd5="bb65ce1d051b456e2c89ff1a760fd33f">
          <entry name="README.txt" md5="f1bc473eda00c66e63edc7ac1e1ef9f5" size="72" mtime="1731406790"/>
          <entry name="package_a.changes" md5="3bf7f645ebf1daed37ac2524846a9e7c" size="14" mtime="1722344522"/>
          <entry name="package_a.spec" md5="674078c9d96283bf095d60ffe47009a0" size="470" mtime="1722344522"/>
        </directory>
  recorded_at: Tue, 12 Nov 2024 11:20:24 GMT
- request:
    method: get
    uri: http://backend:5352/source/target_project/target_package?expand=1&rev=d41d8cd98f00b204e9800998ecf8427e
    body:
      encoding: US-ASCII
      string: ''
    headers:
      X-Request-Id:
      - 779e798a-ae86-43eb-afaf-31bf4e6d2871
      Accept-Encoding:
      - gzip;q=1.0,deflate;q=0.6,identity;q=0.3
      Accept:
      - "*/*"
      User-Agent:
      - Ruby
  response:
    status:
      code: 200
      message: OK
    headers:
      Content-Type:
      - text/xml
      Cache-Control:
      - no-cache
      Connection:
      - close
      Content-Length:
      - '128'
    body:
      encoding: UTF-8
      string: |
        <directory name="target_package" rev="d41d8cd98f00b204e9800998ecf8427e" srcmd5="d41d8cd98f00b204e9800998ecf8427e">
        </directory>
  recorded_at: Tue, 12 Nov 2024 11:20:24 GMT
- request:
    method: get
    uri: http://backend:5352/source/source_project/package_a?expand=1&rev=bb65ce1d051b456e2c89ff1a760fd33f
    body:
      encoding: US-ASCII
      string: ''
    headers:
      X-Request-Id:
      - 779e798a-ae86-43eb-afaf-31bf4e6d2871
      Accept-Encoding:
      - gzip;q=1.0,deflate;q=0.6,identity;q=0.3
      Accept:
      - "*/*"
      User-Agent:
      - Ruby
  response:
    status:
      code: 200
      message: OK
    headers:
      Content-Type:
      - text/xml
      Cache-Control:
      - no-cache
      Connection:
      - close
      Content-Length:
      - '426'
    body:
      encoding: UTF-8
      string: |
        <directory name="package_a" rev="bb65ce1d051b456e2c89ff1a760fd33f" srcmd5="bb65ce1d051b456e2c89ff1a760fd33f">
          <entry name="README.txt" md5="f1bc473eda00c66e63edc7ac1e1ef9f5" size="72" mtime="1731406790"/>
          <entry name="package_a.changes" md5="3bf7f645ebf1daed37ac2524846a9e7c" size="14" mtime="1722344522"/>
          <entry name="package_a.spec" md5="674078c9d96283bf095d60ffe47009a0" size="470" mtime="1722344522"/>
        </directory>
  recorded_at: Tue, 12 Nov 2024 11:20:24 GMT
- request:
    method: get
    uri: http://backend:5352/source/source_project/package_a?expand=1&rev=bb65ce1d051b456e2c89ff1a760fd33f
    body:
      encoding: US-ASCII
      string: ''
    headers:
      X-Request-Id:
      - 779e798a-ae86-43eb-afaf-31bf4e6d2871
      Accept-Encoding:
      - gzip;q=1.0,deflate;q=0.6,identity;q=0.3
      Accept:
      - "*/*"
      User-Agent:
      - Ruby
  response:
    status:
      code: 200
      message: OK
    headers:
      Content-Type:
      - text/xml
      Cache-Control:
      - no-cache
      Connection:
      - close
      Content-Length:
      - '426'
    body:
      encoding: UTF-8
      string: |
        <directory name="package_a" rev="bb65ce1d051b456e2c89ff1a760fd33f" srcmd5="bb65ce1d051b456e2c89ff1a760fd33f">
          <entry name="README.txt" md5="f1bc473eda00c66e63edc7ac1e1ef9f5" size="72" mtime="1731406790"/>
          <entry name="package_a.changes" md5="3bf7f645ebf1daed37ac2524846a9e7c" size="14" mtime="1722344522"/>
          <entry name="package_a.spec" md5="674078c9d96283bf095d60ffe47009a0" size="470" mtime="1722344522"/>
        </directory>
  recorded_at: Tue, 12 Nov 2024 11:20:24 GMT
- request:
    method: get
    uri: http://backend:5352/source/target_project/target_package?expand=1&rev=d41d8cd98f00b204e9800998ecf8427e
    body:
      encoding: US-ASCII
      string: ''
    headers:
      X-Request-Id:
      - 779e798a-ae86-43eb-afaf-31bf4e6d2871
      Accept-Encoding:
      - gzip;q=1.0,deflate;q=0.6,identity;q=0.3
      Accept:
      - "*/*"
      User-Agent:
      - Ruby
  response:
    status:
      code: 200
      message: OK
    headers:
      Content-Type:
      - text/xml
      Cache-Control:
      - no-cache
      Connection:
      - close
      Content-Length:
      - '128'
    body:
      encoding: UTF-8
      string: |
        <directory name="target_package" rev="d41d8cd98f00b204e9800998ecf8427e" srcmd5="d41d8cd98f00b204e9800998ecf8427e">
        </directory>
  recorded_at: Tue, 12 Nov 2024 11:20:24 GMT
- request:
    method: get
    uri: http://backend:5352/source/source_project/package_a?expand=1&rev=bb65ce1d051b456e2c89ff1a760fd33f
    body:
      encoding: US-ASCII
      string: ''
    headers:
      X-Request-Id:
      - 779e798a-ae86-43eb-afaf-31bf4e6d2871
      Accept-Encoding:
      - gzip;q=1.0,deflate;q=0.6,identity;q=0.3
      Accept:
      - "*/*"
      User-Agent:
      - Ruby
  response:
    status:
      code: 200
      message: OK
    headers:
      Content-Type:
      - text/xml
      Cache-Control:
      - no-cache
      Connection:
      - close
      Content-Length:
      - '426'
    body:
      encoding: UTF-8
      string: |
        <directory name="package_a" rev="bb65ce1d051b456e2c89ff1a760fd33f" srcmd5="bb65ce1d051b456e2c89ff1a760fd33f">
          <entry name="README.txt" md5="f1bc473eda00c66e63edc7ac1e1ef9f5" size="72" mtime="1731406790"/>
          <entry name="package_a.changes" md5="3bf7f645ebf1daed37ac2524846a9e7c" size="14" mtime="1722344522"/>
          <entry name="package_a.spec" md5="674078c9d96283bf095d60ffe47009a0" size="470" mtime="1722344522"/>
        </directory>
  recorded_at: Tue, 12 Nov 2024 11:20:24 GMT
- request:
    method: get
    uri: http://backend:5352/source/source_project/package_a?expand=1&rev=bb65ce1d051b456e2c89ff1a760fd33f
    body:
      encoding: US-ASCII
      string: ''
    headers:
      X-Request-Id:
      - 779e798a-ae86-43eb-afaf-31bf4e6d2871
      Accept-Encoding:
      - gzip;q=1.0,deflate;q=0.6,identity;q=0.3
      Accept:
      - "*/*"
      User-Agent:
      - Ruby
  response:
    status:
      code: 200
      message: OK
    headers:
      Content-Type:
      - text/xml
      Cache-Control:
      - no-cache
      Connection:
      - close
      Content-Length:
      - '426'
    body:
      encoding: UTF-8
      string: |
        <directory name="package_a" rev="bb65ce1d051b456e2c89ff1a760fd33f" srcmd5="bb65ce1d051b456e2c89ff1a760fd33f">
          <entry name="README.txt" md5="f1bc473eda00c66e63edc7ac1e1ef9f5" size="72" mtime="1731406790"/>
          <entry name="package_a.changes" md5="3bf7f645ebf1daed37ac2524846a9e7c" size="14" mtime="1722344522"/>
          <entry name="package_a.spec" md5="674078c9d96283bf095d60ffe47009a0" size="470" mtime="1722344522"/>
        </directory>
  recorded_at: Tue, 12 Nov 2024 11:20:24 GMT
- request:
    method: get
    uri: http://backend:5352/source/target_project/target_package?expand=1&rev=d41d8cd98f00b204e9800998ecf8427e
    body:
      encoding: US-ASCII
      string: ''
    headers:
      X-Request-Id:
      - 779e798a-ae86-43eb-afaf-31bf4e6d2871
      Accept-Encoding:
      - gzip;q=1.0,deflate;q=0.6,identity;q=0.3
      Accept:
      - "*/*"
      User-Agent:
      - Ruby
  response:
    status:
      code: 200
      message: OK
    headers:
      Content-Type:
      - text/xml
      Cache-Control:
      - no-cache
      Connection:
      - close
      Content-Length:
      - '128'
    body:
      encoding: UTF-8
      string: |
        <directory name="target_package" rev="d41d8cd98f00b204e9800998ecf8427e" srcmd5="d41d8cd98f00b204e9800998ecf8427e">
        </directory>
  recorded_at: Tue, 12 Nov 2024 11:20:24 GMT
recorded_with: VCR 6.3.1
